
  VITE v6.4.3  ready in 2014 ms

  ➜  Local:   http://127.0.0.1:5173/
  ➜  press h + enter to show help
10:09:56 pm [vite] (client) hmr update /src/main.jsx
10:09:56 pm [vite] (client) hmr update /src/main.jsx
10:09:56 pm [vite] (client) hmr update /src/styles.css
10:09:56 pm [vite] (client) hmr invalidate /src/main.jsx Could not Fast Refresh ("true" export is incompatible). Learn more at https://github.com/vitejs/vite-plugin-react/tree/main/packages/plugin-react#consistent-components-exports
10:09:56 pm [vite] (client) page reload src/main.jsx
10:11:51 pm [vite] (client) hmr update /src/main.jsx
10:11:51 pm [vite] (client) hmr update /src/styles.css
10:11:51 pm [vite] vite.config.js changed, restarting server...
10:11:51 pm [vite] (client) page reload index.html
10:11:51 pm [vite] (client) hmr invalidate /src/main.jsx Could not Fast Refresh ("true" export is incompatible). Learn more at https://github.com/vitejs/vite-plugin-react/tree/main/packages/plugin-react#consistent-components-exports
10:11:51 pm [vite] (client) page reload src/main.jsx
10:11:51 pm [vite] server restarted.
10:14:19 pm [vite] (client) hmr update /src/main.jsx
10:14:20 pm [vite] (client) hmr invalidate /src/main.jsx Could not Fast Refresh ("true" export is incompatible). Learn more at https://github.com/vitejs/vite-plugin-react/tree/main/packages/plugin-react#consistent-components-exports
10:14:20 pm [vite] (client) page reload src/main.jsx
10:14:44 pm [vite] (client) hmr update /src/main.jsx
10:14:45 pm [vite] (client) hmr invalidate /src/main.jsx Could not Fast Refresh ("true" export is incompatible). Learn more at https://github.com/vitejs/vite-plugin-react/tree/main/packages/plugin-react#consistent-components-exports
10:14:45 pm [vite] (client) page reload src/main.jsx
10:14:53 pm [vite] (client) hmr update /src/main.jsx
10:14:53 pm [vite] (client) hmr invalidate /src/main.jsx Could not Fast Refresh ("true" export is incompatible). Learn more at https://github.com/vitejs/vite-plugin-react/tree/main/packages/plugin-react#consistent-components-exports
10:14:53 pm [vite] (client) page reload src/main.jsx
10:15:50 pm [vite] (client) hmr update /src/main.jsx
10:15:50 pm [vite] (client) hmr invalidate /src/main.jsx Could not Fast Refresh ("true" export is incompatible). Learn more at https://github.com/vitejs/vite-plugin-react/tree/main/packages/plugin-react#consistent-components-exports
10:15:50 pm [vite] (client) page reload src/main.jsx
10:16:15 pm [vite] (client) hmr update /src/main.jsx
10:16:16 pm [vite] (client) hmr invalidate /src/main.jsx Could not Fast Refresh ("true" export is incompatible). Learn more at https://github.com/vitejs/vite-plugin-react/tree/main/packages/plugin-react#consistent-components-exports
10:16:16 pm [vite] (client) page reload src/main.jsx
